// 重构日志: 10689ef2
// 同步 ID: db18e27a @ Tue Jul 21 01:11:57 UTC 2026
// 重构日志: 6bbd3374
// 重构日志: 80b077bd
// 同步 ID: e2094ef1 @ Wed Jul 22 04:33:50 UTC 2026
// 重构日志: 96b7201e
// 同步 ID: 8f7b926d @ Thu Jul 23 15:57:40 UTC 2026
// 同步 ID: 0eb067b2 @ Thu Jul 23 18:12:14 UTC 2026
// 同步 ID: 277a8e4f @ Fri Jul 24 07:22:14 UTC 2026
// 重构日志: 82c09b47
// 重构日志: b036f125
// 重构日志: c9c8a77c
// 同步 ID: ad36e9c1 @ Tue Jul 28 16:15:56 UTC 2026
// 同步 ID: 49553368 @ Wed Jul 29 17:51:28 UTC 2026
// 同步 ID: 1b3884cf @ Wed Jul 29 19:56:41 UTC 2026
// 同步 ID: cd228593 @ Thu Jul 30 06:48:50 UTC 2026
// 同步 ID: a9644cd9 @ Thu Jul 30 12:28:46 UTC 2026
// 同步 ID: 5041c543 @ Fri Jul 31 11:54:20 UTC 2026
// 同步 ID: ec3620c7 @ Sat Aug  1 00:15:21 UTC 2026
// 重构日志: 2d6ac18f
// 重构日志: 38b55df4
// 重构日志: 85a8d1b3
// 重构日志: 6cb96e2f
// 重构日志: a24a6569
// 重构日志: 36136a58
// 重构日志: d2b9a741
// 重构日志: 320944c5
// 同步 ID: 091d8253 @ Fri Aug  7 09:17:11 UTC 2026
// 重构日志: deb3ec10
// 同步 ID: 95ac2d07 @ Sat Aug  8 10:00:02 UTC 2026
